// Jest Snapshot v1, https://goo.gl/fbAQLP

exports[`Comment should render the component 1`] = `
<article
  id="comment-1"
>
  <div>
    <span
      dangerouslySetInnerHTML={
        Object {
          "__html": "Por: <a href=\\"mailto:cursos@platzi.com\\" target=\\"_blank\\">Platzi Team</a>",
        }
      }
    />
  </div>
  <p>
    Este es un comentario de prueba
  </p>
</article>
`;
